// Vitest Snapshot v1, https://vitest.dev/guide/snapshot.html

exports[`Header > matches snapshot(s) 1`] = `
<div>
  <div
    class="w-full overflow-hidden"
    style="max-height: 420px;"
  >
    <div
      class="bg-no-repeat bg-cover bg-center w-full h-full overflow-hidden"
      style="background-image: url("/main-picture-small.jpg");"
    />
  </div>
  <div
    class="absolute inset-0 bg-gradient-to-b from-black/40 to-black/0 z-10"
  />
  <div
    class="absolute top-0 p-2 z-20"
  >
    <div
      class="relative flex flex-col items-center gap-2"
    >
      <mocked-woorilogo />
      <div
        class="flex gap-2"
      >
        <mocked-foodorabutton />
        <mocked-ubereatsbutton />
        <mocked-woltbutton />
      </div>
      <div
        class="flex flex-col gap-2"
      >
        <mocked-instagrambutton />
        <mocked-facebookbutton />
      </div>
    </div>
  </div>
</div>
`;
