// Vitest Snapshot v1, https://vitest.dev/guide/snapshot.html

exports[`Home > matches snapshot(s) 1`] = `
<div>
  <div
    data-testid="Home"
  >
    <section
      class="relative flex justify-center min-h-84 lg:aspect-[3/1] w-full"
      id="header"
      style="max-height: 420px;"
    >
      <mocked-header />
      <div
        class="absolute top-0 right-0 m-2 z-100"
      >
        <mocked-languageswitcher />
      </div>
    </section>
    <section
      class="flex flex-col justify-center p-8 items-center"
      id="intro"
    >
      <div
        class="container max-w-screen-md"
      >
        <div
          class="flex flex-col py-12 gap-8"
        >
          <p
            class="text-2xl italic font-gloryLight"
          >
            mocked-i18n-'welcome'
          </p>
        </div>
      </div>
    </section>
    <section
      class="relative flex justify-center min-h-84 lg:aspect-[3/1] w-full"
      id="menu"
      style="max-height: 420px;"
    >
      <div
        class="w-full overflow-hidden"
        style="max-height: 420px;"
      >
        <mocked-carousel
          crossfadeduration="3"
          images="/korean-fried-chicken-original.jpg,/beef-bibimbap.jpg,/korean-fried-chicken-sweet-spicy.jpg,/bulgogi-sm.jpg,/korean-fried-chicken-honey-soy.jpg,/pesto-pasta-sm.jpg,/truffle-pasta-sm.jpg,/tuna-salad-sm.jpg,/pizza-sm.jpg"
          opaqueduration="5"
        />
      </div>
    </section>
    <section
      class="flex flex-col items-center justify-center py-12 px-8"
      id="menu"
    >
      <mocked-menu />
    </section>
    <section
      class="flex justify-center py-12 dark:bg-black/50 bg-black/3  px-8"
      id="location"
    >
      <div
        class="container max-w-screen-lg grid md:grid-cols-2 xs:grid-cols-2 gap-4 items-stretch"
      >
        <mocked-openinghours />
        <mocked-contactdetails />
      </div>
    </section>
  </div>
</div>
`;
