// Vitest Snapshot v1, https://vitest.dev/guide/snapshot.html

exports[`InstagramButton > matches snapshot(s) 1`] = `
<div>
  <div
    class="bg-black/40 hover:bg-black/70 text-white rounded-4xl px-4 py-2"
  >
    <a
      class="flex gap-2"
      href="https://www.instagram.com/wooristockholm"
      rel="noopener noreferrer"
      target="_blank"
    >
      <mocked-lucide-react-instagram />
       
      mocked-i18n-'follow-on-instagram'
    </a>
  </div>
</div>
`;
