// Vitest Snapshot v1, https://vitest.dev/guide/snapshot.html

exports[`WoltButton > matches snapshot(s) 1`] = `
<div>
  <div
    class="relative bg-[#00c2e8]/90 hover:bg-[#31d5f5]/100 text-white rounded-4xl px-4 py-2 overflow-hidden flex items-center justify-center"
  >
    <a
      class="flex gap-2"
      href="https://wolt.com/en/swe/stockholm/restaurant/woori"
      rel="noopener noreferrer"
      target="_blank"
    >
      <mocked-woltlogo />
      <div
        class="absolute inset-0 bg-gradient-to-b from-white/10 to-white/0 z-10"
      />
    </a>
  </div>
</div>
`;
