// Vitest Snapshot v1, https://vitest.dev/guide/snapshot.html

exports[`Providers > matches snapshot(s) 1`] = `
<div>
  <mocked-intlprovider
    locale="sv"
    messages="[object Object]"
  >
    <div>
      Foo
    </div>
  </mocked-intlprovider>
</div>
`;
